t
t
off
2184kB
auto
[
  {
    "Plan": {
      "Node Type": "Aggregate",
      "Strategy": "Plain",
      "Partial Mode": "Simple",
      "Parallel Aware": false,
      "Async Capable": false,
      "Startup Cost": 15.20,
      "Total Cost": 15.21,
      "Plan Rows": 1,
      "Plan Width": 8,
      "Actual Rows": 1,
      "Actual Loops": 1,
      "Shared Hit Blocks": 28769,
      "Shared Read Blocks": 0,
      "Shared Dirtied Blocks": 0,
      "Shared Written Blocks": 0,
      "Local Hit Blocks": 0,
      "Local Read Blocks": 0,
      "Local Dirtied Blocks": 0,
      "Local Written Blocks": 0,
      "Temp Read Blocks": 632,
      "Temp Written Blocks": 316,
      "Plans": [
        {
          "Node Type": "Seq Scan",
          "Parent Relationship": "InitPlan",
          "Subplan Name": "InitPlan 1",
          "Parallel Aware": false,
          "Async Capable": false,
          "Relation Name": "user_settings",
          "Alias": "user_settings",
          "Startup Cost": 0.00,
          "Total Cost": 1.22,
          "Plan Rows": 1,
          "Plan Width": 16,
          "Actual Rows": 1,
          "Actual Loops": 1,
          "Filter": "(user_id = (current_setting('lat.qa'::text))::uuid)",
          "Rows Removed by Filter": 10,
          "Shared Hit Blocks": 1,
          "Shared Read Blocks": 0,
          "Shared Dirtied Blocks": 0,
          "Shared Written Blocks": 0,
          "Local Hit Blocks": 0,
          "Local Read Blocks": 0,
          "Local Dirtied Blocks": 0,
          "Local Written Blocks": 0,
          "Temp Read Blocks": 0,
          "Temp Written Blocks": 0
        },
        {
          "Node Type": "Seq Scan",
          "Parent Relationship": "InitPlan",
          "Subplan Name": "InitPlan 2",
          "Parallel Aware": false,
          "Async Capable": false,
          "Relation Name": "user_settings",
          "Alias": "user_settings_1",
          "Startup Cost": 0.00,
          "Total Cost": 1.22,
          "Plan Rows": 1,
          "Plan Width": 32,
          "Actual Rows": 1,
          "Actual Loops": 1,
          "Filter": "(user_id = (current_setting('lat.qa'::text))::uuid)",
          "Rows Removed by Filter": 10,
          "Shared Hit Blocks": 1,
          "Shared Read Blocks": 0,
          "Shared Dirtied Blocks": 0,
          "Shared Written Blocks": 0,
          "Local Hit Blocks": 0,
          "Local Read Blocks": 0,
          "Local Dirtied Blocks": 0,
          "Local Written Blocks": 0,
          "Temp Read Blocks": 0,
          "Temp Written Blocks": 0
        },
        {
          "Node Type": "Function Scan",
          "Parent Relationship": "Outer",
          "Parallel Aware": false,
          "Async Capable": false,
          "Function Name": "training_scheduler_candidates_v2",
          "Alias": "training_scheduler_candidates_v2",
          "Startup Cost": 0.26,
          "Total Cost": 10.26,
          "Plan Rows": 1000,
          "Plan Width": 0,
          "Actual Rows": 2382,
          "Actual Loops": 1,
          "Shared Hit Blocks": 28769,
          "Shared Read Blocks": 0,
          "Shared Dirtied Blocks": 0,
          "Shared Written Blocks": 0,
          "Local Hit Blocks": 0,
          "Local Read Blocks": 0,
          "Local Dirtied Blocks": 0,
          "Local Written Blocks": 0,
          "Temp Read Blocks": 632,
          "Temp Written Blocks": 316
        }
      ]
    },
    "Planning": {
      "Shared Hit Blocks": 0,
      "Shared Read Blocks": 0,
      "Shared Dirtied Blocks": 0,
      "Shared Written Blocks": 0,
      "Local Hit Blocks": 0,
      "Local Read Blocks": 0,
      "Local Dirtied Blocks": 0,
      "Local Written Blocks": 0,
      "Temp Read Blocks": 0,
      "Temp Written Blocks": 0
    },
    "Planning Time": 0.152,
    "Triggers": [
    ],
    "Execution Time": 742.755
  }
]
[
  {
    "Plan": {
      "Node Type": "Aggregate",
      "Strategy": "Plain",
      "Partial Mode": "Simple",
      "Parallel Aware": false,
      "Async Capable": false,
      "Startup Cost": 15.20,
      "Total Cost": 15.21,
      "Plan Rows": 1,
      "Plan Width": 8,
      "Actual Rows": 1,
      "Actual Loops": 1,
      "Shared Hit Blocks": 28778,
      "Shared Read Blocks": 0,
      "Shared Dirtied Blocks": 0,
      "Shared Written Blocks": 0,
      "Local Hit Blocks": 0,
      "Local Read Blocks": 0,
      "Local Dirtied Blocks": 0,
      "Local Written Blocks": 0,
      "Temp Read Blocks": 632,
      "Temp Written Blocks": 316,
      "Plans": [
        {
          "Node Type": "Seq Scan",
          "Parent Relationship": "InitPlan",
          "Subplan Name": "InitPlan 1",
          "Parallel Aware": false,
          "Async Capable": false,
          "Relation Name": "user_settings",
          "Alias": "user_settings",
          "Startup Cost": 0.00,
          "Total Cost": 1.22,
          "Plan Rows": 1,
          "Plan Width": 16,
          "Actual Rows": 1,
          "Actual Loops": 1,
          "Filter": "(user_id = (current_setting('lat.qa'::text))::uuid)",
          "Rows Removed by Filter": 10,
          "Shared Hit Blocks": 1,
          "Shared Read Blocks": 0,
          "Shared Dirtied Blocks": 0,
          "Shared Written Blocks": 0,
          "Local Hit Blocks": 0,
          "Local Read Blocks": 0,
          "Local Dirtied Blocks": 0,
          "Local Written Blocks": 0,
          "Temp Read Blocks": 0,
          "Temp Written Blocks": 0
        },
        {
          "Node Type": "Seq Scan",
          "Parent Relationship": "InitPlan",
          "Subplan Name": "InitPlan 2",
          "Parallel Aware": false,
          "Async Capable": false,
          "Relation Name": "user_settings",
          "Alias": "user_settings_1",
          "Startup Cost": 0.00,
          "Total Cost": 1.22,
          "Plan Rows": 1,
          "Plan Width": 32,
          "Actual Rows": 1,
          "Actual Loops": 1,
          "Filter": "(user_id = (current_setting('lat.qa'::text))::uuid)",
          "Rows Removed by Filter": 10,
          "Shared Hit Blocks": 1,
          "Shared Read Blocks": 0,
          "Shared Dirtied Blocks": 0,
          "Shared Written Blocks": 0,
          "Local Hit Blocks": 0,
          "Local Read Blocks": 0,
          "Local Dirtied Blocks": 0,
          "Local Written Blocks": 0,
          "Temp Read Blocks": 0,
          "Temp Written Blocks": 0
        },
        {
          "Node Type": "Function Scan",
          "Parent Relationship": "Outer",
          "Parallel Aware": false,
          "Async Capable": false,
          "Function Name": "training_scheduler_candidates_v2",
          "Alias": "training_scheduler_candidates_v2",
          "Startup Cost": 0.26,
          "Total Cost": 10.26,
          "Plan Rows": 1000,
          "Plan Width": 0,
          "Actual Rows": 2382,
          "Actual Loops": 1,
          "Shared Hit Blocks": 28778,
          "Shared Read Blocks": 0,
          "Shared Dirtied Blocks": 0,
          "Shared Written Blocks": 0,
          "Local Hit Blocks": 0,
          "Local Read Blocks": 0,
          "Local Dirtied Blocks": 0,
          "Local Written Blocks": 0,
          "Temp Read Blocks": 632,
          "Temp Written Blocks": 316
        }
      ]
    },
    "Planning": {
      "Shared Hit Blocks": 0,
      "Shared Read Blocks": 0,
      "Shared Dirtied Blocks": 0,
      "Shared Written Blocks": 0,
      "Local Hit Blocks": 0,
      "Local Read Blocks": 0,
      "Local Dirtied Blocks": 0,
      "Local Written Blocks": 0,
      "Temp Read Blocks": 0,
      "Temp Written Blocks": 0
    },
    "Planning Time": 0.141,
    "Triggers": [
    ],
    "Execution Time": 276.697
  }
]
[
  {
    "Plan": {
      "Node Type": "Aggregate",
      "Strategy": "Plain",
      "Partial Mode": "Simple",
      "Parallel Aware": false,
      "Async Capable": false,
      "Startup Cost": 15.20,
      "Total Cost": 15.21,
      "Plan Rows": 1,
      "Plan Width": 8,
      "Actual Rows": 1,
      "Actual Loops": 1,
      "Shared Hit Blocks": 28769,
      "Shared Read Blocks": 0,
      "Shared Dirtied Blocks": 0,
      "Shared Written Blocks": 0,
      "Local Hit Blocks": 0,
      "Local Read Blocks": 0,
      "Local Dirtied Blocks": 0,
      "Local Written Blocks": 0,
      "Temp Read Blocks": 632,
      "Temp Written Blocks": 316,
      "Plans": [
        {
          "Node Type": "Seq Scan",
          "Parent Relationship": "InitPlan",
          "Subplan Name": "InitPlan 1",
          "Parallel Aware": false,
          "Async Capable": false,
          "Relation Name": "user_settings",
          "Alias": "user_settings",
          "Startup Cost": 0.00,
          "Total Cost": 1.22,
          "Plan Rows": 1,
          "Plan Width": 16,
          "Actual Rows": 1,
          "Actual Loops": 1,
          "Filter": "(user_id = (current_setting('lat.qa'::text))::uuid)",
          "Rows Removed by Filter": 10,
          "Shared Hit Blocks": 1,
          "Shared Read Blocks": 0,
          "Shared Dirtied Blocks": 0,
          "Shared Written Blocks": 0,
          "Local Hit Blocks": 0,
          "Local Read Blocks": 0,
          "Local Dirtied Blocks": 0,
          "Local Written Blocks": 0,
          "Temp Read Blocks": 0,
          "Temp Written Blocks": 0
        },
        {
          "Node Type": "Seq Scan",
          "Parent Relationship": "InitPlan",
          "Subplan Name": "InitPlan 2",
          "Parallel Aware": false,
          "Async Capable": false,
          "Relation Name": "user_settings",
          "Alias": "user_settings_1",
          "Startup Cost": 0.00,
          "Total Cost": 1.22,
          "Plan Rows": 1,
          "Plan Width": 32,
          "Actual Rows": 1,
          "Actual Loops": 1,
          "Filter": "(user_id = (current_setting('lat.qa'::text))::uuid)",
          "Rows Removed by Filter": 10,
          "Shared Hit Blocks": 1,
          "Shared Read Blocks": 0,
          "Shared Dirtied Blocks": 0,
          "Shared Written Blocks": 0,
          "Local Hit Blocks": 0,
          "Local Read Blocks": 0,
          "Local Dirtied Blocks": 0,
          "Local Written Blocks": 0,
          "Temp Read Blocks": 0,
          "Temp Written Blocks": 0
        },
        {
          "Node Type": "Function Scan",
          "Parent Relationship": "Outer",
          "Parallel Aware": false,
          "Async Capable": false,
          "Function Name": "training_scheduler_candidates_v2",
          "Alias": "training_scheduler_candidates_v2",
          "Startup Cost": 0.26,
          "Total Cost": 10.26,
          "Plan Rows": 1000,
          "Plan Width": 0,
          "Actual Rows": 2382,
          "Actual Loops": 1,
          "Shared Hit Blocks": 28769,
          "Shared Read Blocks": 0,
          "Shared Dirtied Blocks": 0,
          "Shared Written Blocks": 0,
          "Local Hit Blocks": 0,
          "Local Read Blocks": 0,
          "Local Dirtied Blocks": 0,
          "Local Written Blocks": 0,
          "Temp Read Blocks": 632,
          "Temp Written Blocks": 316
        }
      ]
    },
    "Planning": {
      "Shared Hit Blocks": 0,
      "Shared Read Blocks": 0,
      "Shared Dirtied Blocks": 0,
      "Shared Written Blocks": 0,
      "Local Hit Blocks": 0,
      "Local Read Blocks": 0,
      "Local Dirtied Blocks": 0,
      "Local Written Blocks": 0,
      "Temp Read Blocks": 0,
      "Temp Written Blocks": 0
    },
    "Planning Time": 0.139,
    "Triggers": [
    ],
    "Execution Time": 254.642
  }
]
[
  {
    "Plan": {
      "Node Type": "Aggregate",
      "Strategy": "Plain",
      "Partial Mode": "Simple",
      "Parallel Aware": false,
      "Async Capable": false,
      "Startup Cost": 15.20,
      "Total Cost": 15.21,
      "Plan Rows": 1,
      "Plan Width": 8,
      "Actual Rows": 1,
      "Actual Loops": 1,
      "Shared Hit Blocks": 28769,
      "Shared Read Blocks": 0,
      "Shared Dirtied Blocks": 0,
      "Shared Written Blocks": 0,
      "Local Hit Blocks": 0,
      "Local Read Blocks": 0,
      "Local Dirtied Blocks": 0,
      "Local Written Blocks": 0,
      "Temp Read Blocks": 632,
      "Temp Written Blocks": 316,
      "Plans": [
        {
          "Node Type": "Seq Scan",
          "Parent Relationship": "InitPlan",
          "Subplan Name": "InitPlan 1",
          "Parallel Aware": false,
          "Async Capable": false,
          "Relation Name": "user_settings",
          "Alias": "user_settings",
          "Startup Cost": 0.00,
          "Total Cost": 1.22,
          "Plan Rows": 1,
          "Plan Width": 16,
          "Actual Rows": 1,
          "Actual Loops": 1,
          "Filter": "(user_id = (current_setting('lat.qa'::text))::uuid)",
          "Rows Removed by Filter": 10,
          "Shared Hit Blocks": 1,
          "Shared Read Blocks": 0,
          "Shared Dirtied Blocks": 0,
          "Shared Written Blocks": 0,
          "Local Hit Blocks": 0,
          "Local Read Blocks": 0,
          "Local Dirtied Blocks": 0,
          "Local Written Blocks": 0,
          "Temp Read Blocks": 0,
          "Temp Written Blocks": 0
        },
        {
          "Node Type": "Seq Scan",
          "Parent Relationship": "InitPlan",
          "Subplan Name": "InitPlan 2",
          "Parallel Aware": false,
          "Async Capable": false,
          "Relation Name": "user_settings",
          "Alias": "user_settings_1",
          "Startup Cost": 0.00,
          "Total Cost": 1.22,
          "Plan Rows": 1,
          "Plan Width": 32,
          "Actual Rows": 1,
          "Actual Loops": 1,
          "Filter": "(user_id = (current_setting('lat.qa'::text))::uuid)",
          "Rows Removed by Filter": 10,
          "Shared Hit Blocks": 1,
          "Shared Read Blocks": 0,
          "Shared Dirtied Blocks": 0,
          "Shared Written Blocks": 0,
          "Local Hit Blocks": 0,
          "Local Read Blocks": 0,
          "Local Dirtied Blocks": 0,
          "Local Written Blocks": 0,
          "Temp Read Blocks": 0,
          "Temp Written Blocks": 0
        },
        {
          "Node Type": "Function Scan",
          "Parent Relationship": "Outer",
          "Parallel Aware": false,
          "Async Capable": false,
          "Function Name": "training_scheduler_candidates_v2",
          "Alias": "training_scheduler_candidates_v2",
          "Startup Cost": 0.26,
          "Total Cost": 10.26,
          "Plan Rows": 1000,
          "Plan Width": 0,
          "Actual Rows": 2382,
          "Actual Loops": 1,
          "Shared Hit Blocks": 28769,
          "Shared Read Blocks": 0,
          "Shared Dirtied Blocks": 0,
          "Shared Written Blocks": 0,
          "Local Hit Blocks": 0,
          "Local Read Blocks": 0,
          "Local Dirtied Blocks": 0,
          "Local Written Blocks": 0,
          "Temp Read Blocks": 632,
          "Temp Written Blocks": 316
        }
      ]
    },
    "Planning": {
      "Shared Hit Blocks": 0,
      "Shared Read Blocks": 0,
      "Shared Dirtied Blocks": 0,
      "Shared Written Blocks": 0,
      "Local Hit Blocks": 0,
      "Local Read Blocks": 0,
      "Local Dirtied Blocks": 0,
      "Local Written Blocks": 0,
      "Temp Read Blocks": 0,
      "Temp Written Blocks": 0
    },
    "Planning Time": 0.162,
    "Triggers": [
    ],
    "Execution Time": 248.155
  }
]
