t
t
[
  {
    "Plan": {
      "Node Type": "Result",
      "Parallel Aware": false,
      "Async Capable": false,
      "Startup Cost": 2.44,
      "Total Cost": 2.71,
      "Plan Rows": 1,
      "Plan Width": 32,
      "Actual Rows": 1,
      "Actual Loops": 1,
      "Shared Hit Blocks": 32411,
      "Shared Read Blocks": 0,
      "Shared Dirtied Blocks": 0,
      "Shared Written Blocks": 0,
      "Local Hit Blocks": 0,
      "Local Read Blocks": 0,
      "Local Dirtied Blocks": 0,
      "Local Written Blocks": 0,
      "Temp Read Blocks": 632,
      "Temp Written Blocks": 316,
      "Plans": [
        {
          "Node Type": "Seq Scan",
          "Parent Relationship": "InitPlan",
          "Subplan Name": "InitPlan 1",
          "Parallel Aware": false,
          "Async Capable": false,
          "Relation Name": "user_settings",
          "Alias": "user_settings",
          "Startup Cost": 0.00,
          "Total Cost": 1.22,
          "Plan Rows": 1,
          "Plan Width": 16,
          "Actual Rows": 1,
          "Actual Loops": 1,
          "Filter": "(user_id = (current_setting('lat.qa'::text))::uuid)",
          "Rows Removed by Filter": 10,
          "Shared Hit Blocks": 1,
          "Shared Read Blocks": 0,
          "Shared Dirtied Blocks": 0,
          "Shared Written Blocks": 0,
          "Local Hit Blocks": 0,
          "Local Read Blocks": 0,
          "Local Dirtied Blocks": 0,
          "Local Written Blocks": 0,
          "Temp Read Blocks": 0,
          "Temp Written Blocks": 0
        },
        {
          "Node Type": "Seq Scan",
          "Parent Relationship": "InitPlan",
          "Subplan Name": "InitPlan 2",
          "Parallel Aware": false,
          "Async Capable": false,
          "Relation Name": "user_settings",
          "Alias": "user_settings_1",
          "Startup Cost": 0.00,
          "Total Cost": 1.22,
          "Plan Rows": 1,
          "Plan Width": 32,
          "Actual Rows": 1,
          "Actual Loops": 1,
          "Filter": "(user_id = (current_setting('lat.qa'::text))::uuid)",
          "Rows Removed by Filter": 10,
          "Shared Hit Blocks": 1,
          "Shared Read Blocks": 0,
          "Shared Dirtied Blocks": 0,
          "Shared Written Blocks": 0,
          "Local Hit Blocks": 0,
          "Local Read Blocks": 0,
          "Local Dirtied Blocks": 0,
          "Local Written Blocks": 0,
          "Temp Read Blocks": 0,
          "Temp Written Blocks": 0
        }
      ]
    },
    "Planning": {
      "Shared Hit Blocks": 64,
      "Shared Read Blocks": 0,
      "Shared Dirtied Blocks": 0,
      "Shared Written Blocks": 0,
      "Local Hit Blocks": 0,
      "Local Read Blocks": 0,
      "Local Dirtied Blocks": 0,
      "Local Written Blocks": 0,
      "Temp Read Blocks": 0,
      "Temp Written Blocks": 0
    },
    "Planning Time": 11.637,
    "Triggers": [
    ],
    "Execution Time": 4764.664
  }
]
